// Jest Snapshot v1, https://goo.gl/fbAQLP

exports[`addingDataToStorage check positive flow of quering to redis 1`] = `
Array [
  Object {
    "args": Array [
      4000,
      "not random string generator:Message 3",
    ],
    "command": "zadd",
  },
  Object {
    "args": Array [
      6000,
      "not random string generator:Message 5",
    ],
    "command": "zadd",
  },
  Object {
    "args": Array [
      1000,
      "not random string generator:Message 1",
    ],
    "command": "zadd",
  },
  Object {
    "args": Array [
      5001,
      "not random string generator:Message 4",
    ],
    "command": "zadd",
  },
  Object {
    "args": Array [
      5002,
      "not random string generator:Message 4_2",
    ],
    "command": "zadd",
  },
  Object {
    "args": Array [
      3000,
      "not random string generator:Message 2",
    ],
    "command": "zadd",
  },
]
`;
